14. Printing statistics.

=== uart_tx ===

        +----------Local Count, excluding submodules.
        | 
     1838 wires
     3099 wire bits
       13 public wires
       45 public wire bits
        7 ports
       14 port bits
     1225 cells
       35   AND2_X1
        3   AND3_X1
        1   AND4_X1
        1   AND4_X2
       10   AOI211_X1
        2   AOI211_X2
       60   AOI21_X1
        2   AOI21_X2
        8   AOI21_X4
        7   AOI221_X1
       18   AOI22_X1
        5   BUF_X1
        1   BUF_X2
        1   BUF_X4
        4   CLKBUF_X1
       32   DFFR_X1
        1   DFFS_X1
       88   INV_X1
      293   LOGIC0_X1
       96   LOGIC1_X1
       35   MUX2_X1
       84   NAND2_X1
        2   NAND3_X1
        4   NAND4_X1
        1   NAND4_X2
       73   NOR2_X1
        1   NOR2_X4
       14   NOR3_X1
        1   NOR3_X4
        3   NOR4_X1
       14   OAI211_X1
        1   OAI211_X2
       68   OAI21_X1
        4   OAI21_X2
        6   OAI21_X4
        6   OAI221_X1
        5   OAI22_X1
        2   OAI33_X1
       12   OR2_X1
       10   OR3_X1
      103   XNOR2_X1
        6   XNOR2_X2
       98   XOR2_X1
        4   XOR2_X2

