15. Printing statistics.

=== uart_tx ===

        +----------Local Count, excluding submodules.
        |        +-Local Area, excluding submodules.
        |        | 
     1838        - wires
     3099        - wire bits
       13        - public wires
       45        - public wire bits
        7        - ports
       14        - port bits
     1225 1.37E+03 cells
       35    37.24   AND2_X1
        3     3.99   AND3_X1
        1    1.596   AND4_X1
        1    1.862   AND4_X2
       10     13.3   AOI211_X1
        2    4.788   AOI211_X2
       60    63.84   AOI21_X1
        2    3.724   AOI21_X2
        8   27.664   AOI21_X4
        7   11.172   AOI221_X1
       18    23.94   AOI22_X1
        5     3.99   BUF_X1
        1    1.064   BUF_X2
        1    1.862   BUF_X4
        4    3.192   CLKBUF_X1
       32   170.24   DFFR_X1
        1     5.32   DFFS_X1
       88   46.816   INV_X1
      293  155.876   LOGIC0_X1
       96   51.072   LOGIC1_X1
       35    65.17   MUX2_X1
       84   67.032   NAND2_X1
        2    2.128   NAND3_X1
        4     5.32   NAND4_X1
        1    2.394   NAND4_X2
       73   58.254   NOR2_X1
        1    2.394   NOR2_X4
       14   14.896   NOR3_X1
        1    3.724   NOR3_X4
        3     3.99   NOR4_X1
       14    18.62   OAI211_X1
        1    2.394   OAI211_X2
       68   72.352   OAI21_X1
        4    7.448   OAI21_X2
        6   20.748   OAI21_X4
        6    9.576   OAI221_X1
        5     6.65   OAI22_X1
        2    3.724   OAI33_X1
       12   12.768   OR2_X1
       10     13.3   OR3_X1
      103  164.388   XNOR2_X1
        6    15.96   XNOR2_X2
       98  156.408   XOR2_X1
        4    9.576   XOR2_X2

   Chip area for module '\uart_tx': 1371.762000
     of which used for sequential elements: 175.560000 (12.80%)

