14. Printing statistics.

=== alu ===

        +----------Local Count, excluding submodules.
        |        +-Local Area, excluding submodules.
        |        | 
      543        - wires
      925        - wire bits
        6        - public wires
       29        - public wire bits
        6        - ports
       29        - port bits
      332  358.834 cells
        8    8.512   AND2_X1
        3     3.99   AND3_X1
        2     2.66   AOI211_X1
       14   14.896   AOI21_X1
        7   11.172   AOI221_X1
        3    6.384   AOI222_X1
        4     5.32   AOI22_X1
       19   10.108   INV_X1
       57   30.324   LOGIC0_X1
       25     13.3   LOGIC1_X1
       20    15.96   NAND2_X1
       12   12.768   NAND3_X1
        9    7.182   NOR2_X1
        9    9.576   NOR3_X1
        3     3.99   NOR4_X1
       11    14.63   OAI211_X1
       15    15.96   OAI21_X1
        7   11.172   OAI221_X1
        1     1.33   OAI22_X1
        6    6.384   OR2_X1
        6     7.98   OR3_X1
       63  100.548   XNOR2_X1
       28   44.688   XOR2_X1

   Chip area for module '\alu': 358.834000
     of which used for sequential elements: 0.000000 (0.00%)

