Startpoint: start (input port clocked by clk)
Endpoint: _2641_ (rising edge-triggered flip-flop clocked by clk)
Path Group: clk
Path Type: max

    Cap    Slew   Delay    Time   Description
-----------------------------------------------------------------------
           0.00    0.00    0.00   clock clk (rise edge)
                   0.00    0.00   clock network delay (ideal)
                   1.00    1.00 ^ input external delay
   2.73    0.01    0.01    1.01 ^ start (in)
                                  start (net)
           0.01    0.00    1.01 ^ _2016_/A1 (NAND2_X1)
   5.73    0.01    0.02    1.03 v _2016_/ZN (NAND2_X1)
                                  _0761_ (net)
           0.01    0.00    1.03 v _2017_/B (XNOR2_X1)
   1.71    0.02    0.03    1.06 ^ _2017_/ZN (XNOR2_X1)
                                  _0762_ (net)
           0.02    0.00    1.06 ^ _2019_/A1 (NOR2_X1)
   2.88    0.01    0.01    1.07 v _2019_/ZN (NOR2_X1)
                                  _0764_ (net)
           0.01    0.00    1.07 v _2238_/B (AOI211_X1)
   1.66    0.04    0.06    1.14 ^ _2238_/ZN (AOI211_X1)
                                  _0983_ (net)
           0.04    0.00    1.14 ^ _2239_/A4 (NAND4_X1)
   5.89    0.03    0.05    1.19 v _2239_/ZN (NAND4_X1)
                                  _0984_ (net)
           0.03    0.00    1.19 v _2244_/A (AOI221_X1)
   1.63    0.04    0.08    1.27 ^ _2244_/ZN (AOI221_X1)
                                  _0989_ (net)
           0.04    0.00    1.27 ^ _2246_/A (AOI21_X1)
   1.05    0.01    0.02    1.28 v _2246_/ZN (AOI21_X1)
                                  _0249_ (net)
           0.01    0.00    1.28 v _2641_/D (DFFR_X1)
                           1.28   data arrival time

           0.00   10.00   10.00   clock clk (rise edge)
                   0.00   10.00   clock network delay (ideal)
                  -0.25    9.75   clock uncertainty
                   0.00    9.75   clock reconvergence pessimism
                           9.75 ^ _2641_/CK (DFFR_X1)
                  -0.04    9.71   library setup time
                           9.71   data required time
-----------------------------------------------------------------------
                           9.71   data required time
                          -1.28   data arrival time
-----------------------------------------------------------------------
                           8.42   slack (MET)


