Startpoint: _2639_ (rising edge-triggered flip-flop clocked by clk)
Endpoint: _2639_ (rising edge-triggered flip-flop clocked by clk)
Path Group: clk
Path Type: min

    Cap    Slew   Delay    Time   Description
-----------------------------------------------------------------------
           0.00    0.00    0.00   clock clk (rise edge)
                   0.00    0.00   clock network delay (ideal)
           0.00    0.00    0.00 ^ _2639_/CK (DFFR_X1)
   4.62    0.01    0.09    0.09 v _2639_/Q (DFFR_X1)
                                  bit_index[2] (net)
           0.01    0.00    0.09 v _2281_/A (INV_X1)
   1.68    0.01    0.01    0.10 ^ _2281_/ZN (INV_X1)
                                  _0287_ (net)
           0.01    0.00    0.10 ^ _2282_/B2 (AOI21_X1)
   1.05    0.01    0.01    0.11 v _2282_/ZN (AOI21_X1)
                                  _0248_ (net)
           0.01    0.00    0.11 v _2639_/D (DFFR_X1)
                           0.11   data arrival time

           0.00    0.00    0.00   clock clk (rise edge)
                   0.00    0.00   clock network delay (ideal)
                   0.10    0.10   clock uncertainty
                   0.00    0.10   clock reconvergence pessimism
                           0.10 ^ _2639_/CK (DFFR_X1)
                   0.00    0.10   library hold time
                           0.10   data required time
-----------------------------------------------------------------------
                           0.10   data required time
                          -0.11   data arrival time
-----------------------------------------------------------------------
                           0.01   slack (MET)


