Startpoint: wr_en (input port clocked by clk)
Endpoint: _1202_ (rising edge-triggered flip-flop clocked by clk)
Path Group: clk
Path Type: max

    Cap    Slew   Delay    Time   Description
-----------------------------------------------------------------------
           0.00    0.00    0.00   clock clk (rise edge)
                   0.00    0.00   clock network delay (ideal)
                   1.00    1.00 ^ input external delay
   1.70    0.01    0.00    1.00 ^ wr_en (in)
                                  wr_en (net)
           0.01    0.00    1.00 ^ _0851_/A (INV_X1)
   1.54    0.00    0.01    1.01 v _0851_/ZN (INV_X1)
                                  _0296_ (net)
           0.00    0.00    1.01 v _0878_/A (AOI21_X1)
  10.79    0.06    0.08    1.09 ^ _0878_/ZN (AOI21_X1)
                                  _0321_ (net)
           0.06    0.00    1.09 ^ _0926_/A3 (NAND3_X1)
  11.48    0.04    0.06    1.15 v _0926_/ZN (NAND3_X1)
                                  _0364_ (net)
           0.04    0.00    1.15 v _0948_/A4 (NOR4_X1)
  15.36    0.17    0.23    1.39 ^ _0948_/ZN (NOR4_X1)
                                  _0377_ (net)
           0.17    0.00    1.39 ^ _1042_/S (MUX2_X1)
   1.06    0.01    0.06    1.45 v _1042_/Z (MUX2_X1)
                                  _0062_ (net)
           0.01    0.00    1.45 v _1202_/D (DFF_X1)
                           1.45   data arrival time

           0.00   10.00   10.00   clock clk (rise edge)
                   0.00   10.00   clock network delay (ideal)
                  -0.25    9.75   clock uncertainty
                   0.00    9.75   clock reconvergence pessimism
                           9.75 ^ _1202_/CK (DFF_X1)
                  -0.04    9.71   library setup time
                           9.71   data required time
-----------------------------------------------------------------------
                           9.71   data required time
                          -1.45   data arrival time
-----------------------------------------------------------------------
                           8.26   slack (MET)


