Startpoint: _1160_ (rising edge-triggered flip-flop clocked by clk)
Endpoint: _1160_ (rising edge-triggered flip-flop clocked by clk)
Path Group: clk
Path Type: min

    Cap    Slew   Delay    Time   Description
-----------------------------------------------------------------------
           0.00    0.00    0.00   clock clk (rise edge)
                   0.00    0.00   clock network delay (ideal)
           0.00    0.00    0.00 ^ _1160_/CK (DFFR_X1)
   1.60    0.01    0.08    0.08 v _1160_/Q (DFFR_X1)
                                  rd_data[0] (net)
           0.01    0.00    0.08 v _0862_/A (INV_X1)
   1.68    0.01    0.01    0.10 ^ _0862_/ZN (INV_X1)
                                  _0307_ (net)
           0.01    0.00    0.10 ^ _1086_/B2 (AOI21_X1)
   1.05    0.01    0.01    0.11 v _1086_/ZN (AOI21_X1)
                                  _0020_ (net)
           0.01    0.00    0.11 v _1160_/D (DFFR_X1)
                           0.11   data arrival time

           0.00    0.00    0.00   clock clk (rise edge)
                   0.00    0.00   clock network delay (ideal)
                   0.10    0.10   clock uncertainty
                   0.00    0.10   clock reconvergence pessimism
                           0.10 ^ _1160_/CK (DFFR_X1)
                   0.00    0.10   library hold time
                           0.10   data required time
-----------------------------------------------------------------------
                           0.10   data required time
                          -0.11   data arrival time
-----------------------------------------------------------------------
                           0.01   slack (MET)


